// Jest Snapshot v1, https://goo.gl/fbAQLP

exports[`block tokens for should do nothing for non-objects 1`] = `
"
                
            "
`;

exports[`block tokens for should support nested props 1`] = `
"
                
                    The cow goes \\"moo\\".
                
                    The chicken goes \\"BOCK\\".
                
                    The horse goes \\"neigh\\".
                
            "
`;

exports[`block tokens for should support use of key:value syntax 1`] = `
"
                
                    The capital of Florida is Tallahassee.
                
                    The capital of Washington is Olympia.
                
            "
`;

exports[`block tokens for should support use of value only 1`] = `
"
                
                    red is my favorite color. No, wait.
                
                    green is my favorite color. No, wait.
                
                    blue is my favorite color. No, wait.
                
            "
`;

exports[`block tokens if should coerce other types 1`] = `"You've been here 13 times!"`;

exports[`block tokens if should handle a simple case 1`] = `
"
                Hello, Dave!
                I've seen you here before!
                
            "
`;

exports[`block tokens if should support nested props 1`] = `"You've been here 13 times!"`;

exports[`block tokens unless should coerce other types 1`] = `"You're new here!"`;

exports[`block tokens unless should handle a simple unless 1`] = `"You must be new here."`;

exports[`block tokens unless should not throw for missing nested props 1`] = `"You have no favorite color?!"`;

exports[`block tokens unless should support nested props 1`] = `"You're new here!"`;
